[teqd.zkey.cc/index.html]
[backblue.gif]
[fade.gif]
[index.html]
[cdn.zkey.cc/esurvey/cxselect/jquery.cxselect.min.js]
[cdn.zkey.cc/esurvey/jquery-ui-datepicker/jquery-ui-datepicker.min.js]
[cdn.zkey.cc/esurvey/ace/ace.js]
[cdn.zkey.cc/esurvey/select2/js/select2.min.js]
[www.zkey.cc/index.html]
[teqd.zkey.cc/index.html]
[cdn.zkey.cc/esurvey/select2/css/select2.min.css]
[www.zkey.cc/images/favicon.ico]
[www.zkey.cc/css/bootstrap.min.css]
[www.zkey.cc/images/solve_bottom.png]
[www.zkey.cc/js/jquery.cookie.js]
[www.zkey.cc/js/jquery-3.1.1.min.js]
[www.zkey.cc/js/common.js]
[www.zkey.cc/js/swiper-3.4.2.jquery.min.js]
[www.zkey.cc/js/layer.js]
[www.zkey.cc/js/play_hs.js]
[www.zkey.cc/images/icon.png]
[www.zkey.cc/images/leftJT.png]
[www.zkey.cc/platform/index.html]
[edata.zkey.cc/project/common.html]
[edata.zkey.cc/page/detail/60ddd4ee3d5b353ffb294f4a.html]
[www.zkey.cc/solution/government.html]
[www.zkey.cc/case.html]
[www.zkey.cc/about.html]
[www.zkey.cc/case/index5e67.html]
[www.zkey.cc/case/index8d41.html]
[www.zkey.cc/images/003.jpg]
[www.zkey.cc/case/index692d.html]
[www.zkey.cc/News/list/index.html]
[www.zkey.cc/images/001.jpg]
[www.zkey.cc/about/index1749.html]
[www.zkey.cc/images/004.jpg]
[www.zkey.cc/about/index4d2b.html]
[www.zkey.cc/News/list/614562237ce9060e1388cfdd.html]
[www.zkey.cc/images/002.jpg]
[www.zkey.cc/about/indexea85.html]
[www.zkey.cc/about/index09e8.html]
[www.zkey.cc/News/list/614561ca7ce9060e1388cf35.html]
[www.zkey.cc/News/details/61f3b00b5edff85f3ffdee80.html]
[www.zkey.cc/News/list/614562017ce9060e1388cf83.html]
[www.zkey.cc/News/details/61e7af448006bf00f8be861a.html]
[www.zkey.cc/images/left.png]
[www.zkey.cc/images/right.png]
[www.zkey.cc/images/caiji.png]
[www.zkey.cc/images/caiji1.png]
[www.zkey.cc/platform/index-2.html]
[www.zkey.cc/images/sjgl.png]
[www.zkey.cc/images/shujuguanli_1.png]
[www.zkey.cc/images/shujufenxixianxing.png]
[www.zkey.cc/images/gksj.png]
[www.zkey.cc/images/icon-.png]
[www.zkey.cc/images/ksh1.png]
[www.zkey.cc/images/baogao.png]
[www.zkey.cc/images/baogao1.png]
[www.zkey.cc/images/left1.png]
[www.zkey.cc/images/tiaocha.png]
[www.zkey.cc/images/wangluotiaocha.png]
[www.zkey.cc/images/tiaochawenjuan.png]
[www.zkey.cc/images/ksh.png]
[www.zkey.cc/images/wjsj.png]
[www.zkey.cc/images/designinpu.png]
[www.zkey.cc/images/QA.png]
[www.zkey.cc/images/wjpb.png]
[www.zkey.cc/images/sheji.png]
[www.zkey.cc/images/wjys.png]
[www.zkey.cc/images/ziliaoduibi.png]
[www.zkey.cc/images/zlff.png]
[www.zkey.cc/images/midline.png]
[www.zkey.cc/images/dcpx1.png]
[www.zkey.cc/images/dcpx2.png]
[www.zkey.cc/images/dczx1.png]
[www.zkey.cc/images/dczx2.png]
[www.zkey.cc/images/lyft1.png]
[www.zkey.cc/images/lyft2.png]
[www.zkey.cc/images/sjlr1.png]
[www.zkey.cc/images/sjlr2.png]
[www.zkey.cc/images/sjqx1.png]
[www.zkey.cc/images/sjqx2.png]
[www.zkey.cc/images/sjfx1.png]
[www.zkey.cc/images/sjfx2.png]
[www.zkey.cc/images/bgzx1.png]
[www.zkey.cc/images/bgzx2.png]
[www.zkey.cc/images/sjksh1.png]
[www.zkey.cc/images/sjksh2.png]
[www.zkey.cc/images/yspb1.png]
[www.zkey.cc/images/yspb2.png]
[www.zkey.cc/images/h51.png]
[www.zkey.cc/images/h52.png]
[www.zkey.cc/images/anli1.png]
[www.zkey.cc/images/youshi.png]
[www.zkey.cc/images/fangan.png]
[www.zkey.cc/images/bjdx.jpg]
[www.zkey.cc/images/qh.jpg]
[www.zkey.cc/images/bjjt.jpg]
[www.zkey.cc/images/zgcm.jpg]
[www.zkey.cc/images/bjhg.jpg]
[www.zkey.cc/images/bfgy.jpg]
[www.zkey.cc/images/bjzyy.jpg]
[www.zkey.cc/images/bjwgy.jpg]
[www.zkey.cc/images/bjty.jpg]
[www.zkey.cc/images/bjsf.jpg]
[www.zkey.cc/images/bjys.jpg]
[www.zkey.cc/images/bjnxy.jpg]
[www.zkey.cc/images/bjgs.jpg]
[www.zkey.cc/images/bjdy.jpg]
[www.zkey.cc/images/bsdfz.jpg]
[www.zkey.cc/images/bjgyzy.jpg]
[www.zkey.cc/images/cwsy.jpg]
[www.zkey.cc/images/bjqnzz.jpg]
[www.zkey.cc/images/hnny.jpg]
[www.zkey.cc/images/cmfx.jpg]
[www.zkey.cc/images/sdty.jpg]
[www.zkey.cc/images/sdyk.jpg]
[www.zkey.cc/images/sdsf.jpg]
[www.zkey.cc/images/zgsy.jpg]
[www.zkey.cc/images/zgny.jpg]
[www.zkey.cc/images/zgrm.jpg]
[www.zkey.cc/images/zhnz.jpg]
[www.zkey.cc/images/zymz.jpg]
[www.zkey.cc/images/gdgy.jpg]
[www.zkey.cc/images/gdjs.jpg]
[www.zkey.cc/images/hfsf.jpg]
[www.zkey.cc/images/weizhi_1.png]
[www.zkey.cc/images/weizhi.png]
[www.zkey.cc/images/weixin.png]
[www.zkey.cc/images/liaotian.png]
[www.zkey.cc/images/weibiaoti-.png]
[www.zkey.cc/images/dianhua.png]
[www.zkey.cc/images/xinfeng_1.png]
[www.zkey.cc/images/xin.png]
[www.zkey.cc/index.html]
[cdn.zkey.cc/esurvey/bootstrap-slider/bootstrap-slider.min.css]
[teqd.zkey.cc/js/jquery-ui-1.13.2/jquery-ui.min.css]
[cpdrc.zkey.cc/index.html]
[www.zkey.cc/css/layer.css]
[www.zkey.cc/css/bootstrap.min.css]
[www.zkey.cc/images/buttonLine.jpg]
[www.zkey.cc/images/p1.png]
[www.zkey.cc/images/p2.png]
[www.zkey.cc/images/p3.png]
[www.zkey.cc/images/p4.png]
[www.zkey.cc/images/p5.png]
[www.zkey.cc/images/p6.png]
[www.zkey.cc/images/p7.png]
[www.zkey.cc/images/p8.png]
[www.zkey.cc/images/p9.png]
[www.zkey.cc/images/p10.png]
[www.zkey.cc/images/p11.png]
[www.zkey.cc/images/p12.png]
[www.zkey.cc/images/p13.png]
[www.zkey.cc/images/p18.png]
[www.zkey.cc/images/get_middle.png]
[www.zkey.cc/platform/index.html]
[www.zkey.cc/images/publicity.png]
[oss.zkey.cc/base/user/60404f5018deeb21c237d674/pub/65af24869156412159f9bbc3.ico]
[edata.zkey.cc/project/common.html]
[edata.zkey.cc/page/detail/60ddd4ee3d5b353ffb294f4a.html]
[shxs.zkey.cc/index.html]
[www.zkey.cc/solution/education]
[www.zkey.cc/css/animate.min.css]
[www.zkey.cc/images/solve1_banner.png]
[www.zkey.cc/images/solve_part2.png]
[www.zkey.cc/images/leftbook.png]
[www.zkey.cc/images/book1.png]
[www.zkey.cc/images/book2.png]
[www.zkey.cc/images/book3.png]
[www.zkey.cc/images/book4.png]
[www.zkey.cc/images/book5.png]
[www.zkey.cc/images/book6.png]
[www.zkey.cc/images/rightbook.png]
[www.zkey.cc/images/ServiceProcess_content1.png]
[www.zkey.cc/images/lcright.png]
[www.zkey.cc/images/ServiceProcess_content2.png]
[www.zkey.cc/images/ServiceProcess_content3.png]
[www.zkey.cc/images/smallpeople.png]
[www.zkey.cc/solution/government.html]
[www.zkey.cc/js/play.js]
[www.zkey.cc/images/cgal.png]
[www.zkey.cc/images/cgal_line.png]
[www.zkey.cc/images/success1.png]
[www.zkey.cc/images/success4.png]
[www.zkey.cc/images/success2.png]
[www.zkey.cc/images/success5.png]
[www.zkey.cc/images/success3.png]
[www.zkey.cc/images/success6.png]
[www.zkey.cc/images/xz.png]
[www.zkey.cc/images/cg2.png]
[nesc.zkey.cc/index.html]
[cderc.zkey.cc/index.html]
[www.zkey.cc/images/cg4.png]
[www.zkey.cc/images/cg5.png]
[www.zkey.cc/images/cg6.png]
[www.zkey.cc/images/cg7.png]
[www.zkey.cc/images/cg8.png]
[www.zkey.cc/images/cg9.png]
[www.zkey.cc/images/cg10.png]
[www.zkey.cc/images/cg14.png]
[www.zkey.cc/images/cg16.png]
[www.zkey.cc/case.html]
[ivce.zkey.cc/index.html]
[iice.zkey.cc/index.html]
[www.zkey.cc/case/index5e67.html]
[hlass.zkey.cc/index.html]
[www.zkey.cc/case/index8d41.html]
[www.zkey.cc/case/index692d.html]
[www.zkey.cc/images/sjlmbanner.jpg]
[www.zkey.cc/images/lmys.png]
[ncct.zkey.cc/index.html]
[www.zkey.cc/images/hzgy.png]
[www.zkey.cc/images/jrwm1.png]
[www.zkey.cc/images/jrwm5.png]
[www.zkey.cc/images/jrwm4.png]
[www.zkey.cc/images/jrwm2.png]
[mzdjc.zkey.cc/index.html]
[www.zkey.cc/images/jrwm6.png]
[www.zkey.cc/images/jrwm3.png]
[www.zkey.cc/images/jrwm7.png]
[www.zkey.cc/league.html]
[cyadmin.zkey.cc/index.html]
[www.zkey.cc/js/layui/css/layui.css]
[www.zkey.cc/images/star1.png]
[www.zkey.cc/images/star2.png]
[www.zkey.cc/images/clock1.png]
[www.zkey.cc/images/clock2.png]
[www.zkey.cc/News/list/index.html]
[www.zkey.cc/images/gsjj.png]
[www.zkey.cc/images/rc1.png]
[www.zkey.cc/images/rc2.png]
[www.zkey.cc/images/ry15.png]
[www.zkey.cc/images/ry16.png]
[www.zkey.cc/images/ry17.png]
[www.zkey.cc/images/czlc.png]
[www.zkey.cc/images/ry01.png]
[www.zkey.cc/images/ry02.png]
[www.zkey.cc/images/ry03.png]
[www.zkey.cc/images/ry04.png]
[www.zkey.cc/images/ry10.png]
[www.zkey.cc/images/ry11.png]
[www.zkey.cc/images/ry09.png]
[www.zkey.cc/images/ry12.png]
[www.zkey.cc/images/ry05.png]
[www.zkey.cc/images/ry06.png]
[www.zkey.cc/images/ry07.png]
[www.zkey.cc/images/ry08.png]
[www.zkey.cc/images/ry13.jpg]
[www.zkey.cc/images/gaoxin.jpg]
[www.zkey.cc/about.html]
[www.zkey.cc/about/index1749.html]
[www.zkey.cc/about/index4d2b.html]
[www.zkey.cc/about/indexea85.html]
[www.zkey.cc/about/index09e8.html]
[www.zkey.cc/images/gongsidongtai.png]
[www.zkey.cc/images/ry14.png]
[www.zkey.cc/News/list/614562237ce9060e1388cfdd.html]
[www.zkey.cc/News/details/643fba390c9baf78f2535789.html]
[www.zkey.cc/News/details/61ef71d22620046bd8572b0a.html]
[www.zkey.cc/News/details/61cd038da221035c0258b826.html]
[www.zkey.cc/News/details/61c1d2c2a67c9a65d77e40a9.html]
[oss.zkey.cc/base/user/60f254de417eb92cc7748367/cke/643fbc1fe4b031216764d6ab.jpg]
[www.zkey.cc/News/details/61a36c71d16efa4176df34ea.html]
[www.zkey.cc/News/list/614561ca7ce9060e1388cf35.html]
[www.zkey.cc/News/details/618a1de73bd6166609cc0689.html]
[oss.zkey.cc/base/cke/61f3afe2e4b00251e62dbff9.png]
[www.zkey.cc/News/details/61f3b00b5edff85f3ffdee80.html]
[oss.zkey.cc/base/cke/61f3b098e4b0cbe49697c410.png]
[www.zkey.cc/images/zhengcexinxi.png]
[www.zkey.cc/News/list/614562017ce9060e1388cf83.html]
[www.zkey.cc/News/details/61e7af448006bf00f8be861a.html]
[www.zkey.cc/News/details/61c58383cc50f8249fa159d0.html]
[www.zkey.cc/platform/index-2.html]
[oss.zkey.cc/base/user/614a8c352e3563695bde5290/pub/61e7ae2ce4b090a9b9b36b92.jpg]
[cpdrc.zkey.cc/js/jquery-ui-1.13.2/jquery-ui.min.css]
[cpdrc.zkey.cc/lib/swiper/swiper-bundle.min.css]
[cpdrc.zkey.cc/js/ckeditor/ckeditor.js]
[cpdrc.zkey.cc/lib/layui/layui.js]
[cpdrc.zkey.cc/js/jquery.min.js]
[cpdrc.zkey.cc/js/ajaxSign.js]
[cpdrc.zkey.cc/js/jquery-ui-1.13.2/jquery-ui.min.js]
[cpdrc.zkey.cc/lib/select2/zh-CN.js]
[cpdrc.zkey.cc/amap/maps]
[cpdrc.zkey.cc/globalConfig.js]
[cpdrc.zkey.cc/lib/swiper/swiper-bundle.min.js]
[cpdrc.zkey.cc/font/svg-iconfont.js]
[cpdrc.zkey.cc/_nuxt/d8da5f3.js]
[cpdrc.zkey.cc/_nuxt/9289844.js]
[cpdrc.zkey.cc/_nuxt/1dca499.js]
[cpdrc.zkey.cc/_nuxt/a4239b4.js]
[cpdrc.zkey.cc/_nuxt/ff13cba.js]
[cpdrc.zkey.cc/_nuxt/22fe6bd.js]
[cpdrc.zkey.cc/_nuxt/6519d6a.js]
[cpdrc.zkey.cc/_nuxt/07c2df9.js]
[cpdrc.zkey.cc/_nuxt/719b5ef.js]
[cpdrc.zkey.cc/_nuxt/f87d61e.js]
[cpdrc.zkey.cc/_nuxt/33961ec.js]
[cpdrc.zkey.cc/_nuxt/676bc5c.js]
[cpdrc.zkey.cc/_nuxt/fbfe734.js]
[cpdrc.zkey.cc/_nuxt/7b3a9b0.js]
[cpdrc.zkey.cc/_nuxt/24dda03.js]
[cpdrc.zkey.cc/_nuxt/4b96793.js]
[cpdrc.zkey.cc/_nuxt/64157f8.js]
[cpdrc.zkey.cc/_nuxt/67b7dad.js]
[cpdrc.zkey.cc/_nuxt/abee120.js]
[cpdrc.zkey.cc/_nuxt/5c894fe.js]
[cpdrc.zkey.cc/_nuxt/5faad29.js]
[cpdrc.zkey.cc/_nuxt/75adbc6.js]
[cpdrc.zkey.cc/_nuxt/501cbbf.js]
[cpdrc.zkey.cc/_nuxt/2ddd22f.js]
[cpdrc.zkey.cc/_nuxt/667cf98.js]
[cpdrc.zkey.cc/_nuxt/f30f4e1.js]
[cpdrc.zkey.cc/_nuxt/59d14b6.js]
[cpdrc.zkey.cc/_nuxt/0bc1b7f.js]
[cpdrc.zkey.cc/_nuxt/af46c50.js]
[cpdrc.zkey.cc/_nuxt/d075320.js]
[cpdrc.zkey.cc/_nuxt/b748da4.js]
[cpdrc.zkey.cc/_nuxt/d127343.js]
[cpdrc.zkey.cc/_nuxt/9ac81a9.js]
[cpdrc.zkey.cc/_nuxt/32c5cc7.js]
[cpdrc.zkey.cc/_nuxt/fb06283.js]
[cpdrc.zkey.cc/_nuxt/06d92d2.js]
[cpdrc.zkey.cc/_nuxt/d0463e7.js]
[cpdrc.zkey.cc/_nuxt/0303ec4.js]
[cpdrc.zkey.cc/_nuxt/f7c3f45.js]
[cpdrc.zkey.cc/_nuxt/29d01b4.js]
[cpdrc.zkey.cc/_nuxt/9bb9d4e.js]
[cpdrc.zkey.cc/_nuxt/84c98dd.js]
[cpdrc.zkey.cc/_nuxt/0f039b5.js]
[cpdrc.zkey.cc/_nuxt/f0510cb.js]
[cpdrc.zkey.cc/_nuxt/b55f244.js]
[cpdrc.zkey.cc/_nuxt/8b3f6e3.js]
[cpdrc.zkey.cc/_nuxt/9b95297.js]
[cpdrc.zkey.cc/_nuxt/0619d9a.js]
[cpdrc.zkey.cc/_nuxt/991d0ed.js]
[cpdrc.zkey.cc/_nuxt/97be217.js]
[cpdrc.zkey.cc/_nuxt/251a49b.js]
[cpdrc.zkey.cc/_nuxt/f9835ae.js]
[cpdrc.zkey.cc/_nuxt/6cf10c8.js]
[cpdrc.zkey.cc/_nuxt/4e402e5.js]
[cpdrc.zkey.cc/_nuxt/1dd1883.js]
[cpdrc.zkey.cc/_nuxt/2fdb9c8.js]
[cpdrc.zkey.cc/_nuxt/f4386dc.js]
[cpdrc.zkey.cc/_nuxt/0b01296.js]
[cpdrc.zkey.cc/_nuxt/5dcd975.js]
[cpdrc.zkey.cc/_nuxt/8852883.js]
[cpdrc.zkey.cc/_nuxt/d6a6314.js]
[cpdrc.zkey.cc/_nuxt/0a1c18c.js]
[cpdrc.zkey.cc/_nuxt/b921d0e.js]
[cpdrc.zkey.cc/_nuxt/4ad42db.js]
[cpdrc.zkey.cc/_nuxt/a25f59d.js]
[cpdrc.zkey.cc/_nuxt/812ebf0.js]
[cpdrc.zkey.cc/_nuxt/8fe10d6.js]
[cpdrc.zkey.cc/_nuxt/da2b46f.js]
[cpdrc.zkey.cc/_nuxt/49cc41b.js]
[cpdrc.zkey.cc/_nuxt/9952fd3.js]
[cpdrc.zkey.cc/_nuxt/cab8c61.js]
[cpdrc.zkey.cc/_nuxt/b240493.js]
[cpdrc.zkey.cc/_nuxt/995b742.js]
[cpdrc.zkey.cc/_nuxt/bd10e14.js]
[cpdrc.zkey.cc/_nuxt/bf702a9.js]
[cpdrc.zkey.cc/_nuxt/f8a15f9.js]
[cpdrc.zkey.cc/_nuxt/05c8f2d.js]
[cpdrc.zkey.cc/_nuxt/a6fdc00.js]
[cpdrc.zkey.cc/_nuxt/ce82614.js]
[cpdrc.zkey.cc/_nuxt/3037a7a.js]
[cpdrc.zkey.cc/_nuxt/2e70051.js]
[cpdrc.zkey.cc/_nuxt/b6d20c3.js]
[cpdrc.zkey.cc/_nuxt/83923af.js]
[cpdrc.zkey.cc/_nuxt/e08e47c.js]
[cpdrc.zkey.cc/_nuxt/78d8704.js]
[cpdrc.zkey.cc/_nuxt/cf876ec.js]
[cpdrc.zkey.cc/_nuxt/d822b20.js]
[cpdrc.zkey.cc/_nuxt/1f7939e.js]
[cpdrc.zkey.cc/_nuxt/d9095d3.js]
[cpdrc.zkey.cc/_nuxt/1103d12.js]
[cpdrc.zkey.cc/_nuxt/3d9c60d.js]
[cpdrc.zkey.cc/_nuxt/878fe70.js]
[cpdrc.zkey.cc/_nuxt/e50b569.js]
[cpdrc.zkey.cc/_nuxt/3798262.js]
[cpdrc.zkey.cc/_nuxt/a4b73b3.js]
[cpdrc.zkey.cc/_nuxt/5979800.js]
[cpdrc.zkey.cc/_nuxt/414c907.js]
[cpdrc.zkey.cc/_nuxt/28ad138.js]
[cpdrc.zkey.cc/_nuxt/b09f9aa.js]
[cpdrc.zkey.cc/_nuxt/23ee919.js]
[cpdrc.zkey.cc/_nuxt/9580b90.js]
[cpdrc.zkey.cc/_nuxt/3eaaddc.js]
[cpdrc.zkey.cc/_nuxt/66ba233.js]
[cpdrc.zkey.cc/_nuxt/8075b9c.js]
[cpdrc.zkey.cc/_nuxt/beb5c18.js]
[cpdrc.zkey.cc/_nuxt/5b894f1.js]
[cpdrc.zkey.cc/_nuxt/8c4a281.js]
[cpdrc.zkey.cc/_nuxt/0de3ce2.js]
[cpdrc.zkey.cc/_nuxt/99cfd5a.js]
[cpdrc.zkey.cc/_nuxt/939bb91.js]
[cpdrc.zkey.cc/_nuxt/669e3df.js]
[cpdrc.zkey.cc/_nuxt/e71911c.js]
[cpdrc.zkey.cc/_nuxt/021e1c1.js]
[cpdrc.zkey.cc/_nuxt/650b836.js]
[cpdrc.zkey.cc/_nuxt/6b8594d.js]
[cpdrc.zkey.cc/_nuxt/a9540b5.js]
[cpdrc.zkey.cc/_nuxt/c244a07.js]
[cpdrc.zkey.cc/_nuxt/13a29b0.js]
[cpdrc.zkey.cc/_nuxt/59e0df6.js]
[cpdrc.zkey.cc/_nuxt/4db887d.js]
[cpdrc.zkey.cc/_nuxt/fonts/element-icons.313f7da.woff]
[cpdrc.zkey.cc/_nuxt/fonts/element-icons.4520188.ttf]
[cpdrc.zkey.cc/_nuxt/fonts/iconfont.bba91aa.eot]
[cpdrc.zkey.cc/_nuxt/fonts/iconfont.29f480e.woff2]
[cpdrc.zkey.cc/_nuxt/fonts/iconfont.e794a21.woff]
[cpdrc.zkey.cc/_nuxt/fonts/iconfont.9b990ce.ttf]
[cpdrc.zkey.cc/_nuxt/img/iconfont.01c7334.svg]
[cpdrc.zkey.cc/_nuxt/fonts/glyphicons-halflings-regular.5be1347.eot]
[cpdrc.zkey.cc/_nuxt/fonts/glyphicons-halflings-regular.5be1347d41d.eot]
[cpdrc.zkey.cc/_nuxt/fonts/glyphicons-halflings-regular.be810be.woff2]
[cpdrc.zkey.cc/_nuxt/fonts/glyphicons-halflings-regular.82b1212.woff]
[cpdrc.zkey.cc/_nuxt/fonts/glyphicons-halflings-regular.4692b9e.ttf]
[cpdrc.zkey.cc/_nuxt/img/glyphicons-halflings-regular.060b271.svg]
[cpdrc.zkey.cc/images/icon/premium.png]
[cpdrc.zkey.cc/images/icon/premium-icon.png]
[cpdrc.zkey.cc/images/icon/premium-text.png]
[cpdrc.zkey.cc/images/icon/premium-text1.png]
[cpdrc.zkey.cc/_nuxt/fonts/iconfont.bb023c9.woff2]
[cpdrc.zkey.cc/_nuxt/fonts/iconfont.afe4220.woff]
[cpdrc.zkey.cc/_nuxt/fonts/iconfont.ef2ef5f.ttf]
[cpdrc.zkey.cc/https_]
[cpdrc.zkey.cc/index.html]
[www.zkey.cc/css/swiper-3.4.2.min.css]
[www.zkey.cc/css/index1.css]
[www.zkey.cc/css/homepage.css]
[www.zkey.cc/images/jjfa.jpg]
[www.zkey.cc/css/solve_govDepartment.css]
[www.zkey.cc/images/index_top@1200.png]
[www.zkey.cc/images/p14.png]
[www.zkey.cc/images/p15.png]
[www.zkey.cc/images/p20.png]
[oss.zkey.cc/base/user/60f254de417eb92cc7748367/pub/65fa33bd4af68da99420a4fb.png]
[www.zkey.cc/images/fwnr.png]
[www.zkey.cc/images/sjcj.png]
[www.zkey.cc/images/sjfx.png]
[www.zkey.cc/images/sjjd.png]
[www.zkey.cc/solution/education]
[www.zkey.cc/css/animate.min.css]
[www.zkey.cc/css/DataFederation.css]
[www.zkey.cc/css/SuccessfulCases.css]
[www.zkey.cc/css/solve_eduInstitutions.css]
[www.zkey.cc/images/khjz.png]
[oss.zkey.cc/base/user/628216bc7e4dc653268b8779/pub/6440d031e4b0f242d8516f7c.png]
[nesc.zkey.cc/index.html]
[oss.zkey.cc/base/user/61dd53690962b01d693fa0dc/pub/625fda46e4b0624fbf61f7a0.png]
[cderc.zkey.cc/index.html]
[csde.zkey.cc/js/jquery/jquery-1.11.1.min.js]
[csde.zkey.cc/js/layer/layer.js]
[csde.zkey.cc/js/three.min.js]
[csde.zkey.cc/js/common.js]
[csde.zkey.cc/js/index.js]
[csde.zkey.cc/js/play.js]
[csde.zkey.cc/images/1.png]
[csde.zkey.cc/images/2.png]
[csde.zkey.cc/images/3.png]
[csde.zkey.cc/images/4.png]
[csde.zkey.cc/images/5.png]
[csde.zkey.cc/images/6.png]
[csde.zkey.cc/images/7.png]
[csde.zkey.cc/images/8.png]
[csde.zkey.cc/images/9.png]
[csde.zkey.cc/images/10.png]
[csde.zkey.cc/images/11.png]
[csde.zkey.cc/images/12.png]
[csde.zkey.cc/images/13.png]
[csde.zkey.cc/images/14.png]
[csde.zkey.cc/images/15.png]
[csde.zkey.cc/images/16.png]
[csde.zkey.cc/images/17.png]
[csde.zkey.cc/images/18.png]
[csde.zkey.cc/images/19.png]
[csde.zkey.cc/images/20.png]
[csde.zkey.cc/images/21.png]
[csde.zkey.cc/images/22.png]
[csde.zkey.cc/images/23.png]
[csde.zkey.cc/images/24.png]
[csde.zkey.cc/images/25.png]
[csde.zkey.cc/images/26.png]
[csde.zkey.cc/images/27.png]
[csde.zkey.cc/images/28.png]
[csde.zkey.cc/images/29.png]
[csde.zkey.cc/images/30.png]
[csde.zkey.cc/images/31.png]
[csde.zkey.cc/images/32.png]
[csde.zkey.cc/images/33.png]
[csde.zkey.cc/images/34.png]
[csde.zkey.cc/images/35.png]
[csde.zkey.cc/images/36.png]
[csde.zkey.cc/images/37.png]
[csde.zkey.cc/images/38.png]
[csde.zkey.cc/images/39.png]
[csde.zkey.cc/images/40.png]
[csde.zkey.cc/images/41.png]
[csde.zkey.cc/images/42.png]
[csde.zkey.cc/images/43.png]
[csde.zkey.cc/images/44.png]
[csde.zkey.cc/images/45.png]
[csde.zkey.cc/images/46.png]
[csde.zkey.cc/images/47.png]
[csde.zkey.cc/images/48.png]
[csde.zkey.cc/images/49.png]
[csde.zkey.cc/images/50.png]
[csde.zkey.cc/images/51.png]
[csde.zkey.cc/images/52.png]
[csde.zkey.cc/images/53.png]
[csde.zkey.cc/images/54.png]
[csde.zkey.cc/images/55.png]
[csde.zkey.cc/images/56.png]
[csde.zkey.cc/images/57.png]
[csde.zkey.cc/images/58.png]
[csde.zkey.cc/images/59.png]
[csde.zkey.cc/images/60.png]
[csde.zkey.cc/images/61.png]
[csde.zkey.cc/images/62.png]
[csde.zkey.cc/images/63.png]
[csde.zkey.cc/images/64.png]
[csde.zkey.cc/images/65.png]
[csde.zkey.cc/images/66.png]
[csde.zkey.cc/images/67.png]
[csde.zkey.cc/images/68.png]
[csde.zkey.cc/images/69.png]
[csde.zkey.cc/images/70.png]
[csde.zkey.cc/images/71.png]
[csde.zkey.cc/images/72.png]
[csde.zkey.cc/images/73.png]
[csde.zkey.cc/images/74.png]
[csde.zkey.cc/images/75.png]
[csde.zkey.cc/images/76.png]
[csde.zkey.cc/images/77.png]
[csde.zkey.cc/images/78.png]
[csde.zkey.cc/images/79.png]
[csde.zkey.cc/images/80.png]
[csde.zkey.cc/images/81.png]
[csde.zkey.cc/images/82.png]
[csde.zkey.cc/images/83.png]
[csde.zkey.cc/images/left.png]
[csde.zkey.cc/images/right.png]
[csde.zkey.cc/index.html]
[ichem.zkey.cc/index.html]
[buctstudent.zkey.cc/index.html]
[cesdata.zkey.cc/index.html]
[ivce.zkey.cc/index.html]
[auth.zkey.cc/upload/images/20200915/pxv08j0l02th6bj0j42l.png]
[auth.zkey.cc/upload/images/20200915/p0drt6bt2jj4p4nb08j8.png]
[iice.zkey.cc/index.html]
[cscr.zkey.cc/index.html]
[files.zkey.cc/images/csqr/NEWS.png]
[hlass.zkey.cc/index.html]
[oss.zkey.cc/base/user/5fd1c0d9bd4b10067c002163/pub/65f2b96cefb6e99938f43af8.jpg]
[ncct.zkey.cc/index.html]
[bysdata.zkey.cc/index.html]
[files.zkey.cc/images/ceqda/mzbg.png]
[files.zkey.cc/images/mzdjc/banner.png]
[files.zkey.cc/images/mzdjc/decoration.png]
[files.zkey.cc/images/mzdjc/probg.png]
[files.zkey.cc/images/mzdjc/annualBG.png]
[files.zkey.cc/images/mzdjc/logoMini.png]
[files.zkey.cc/images/mzdjc/modified.png]
[files.zkey.cc/images/mzdjc/case1.png]
[files.zkey.cc/images/mzdjc/case2.png]
[files.zkey.cc/images/mzdjc/case3.png]
[files.zkey.cc/images/mzdjc/moreNews.png]
[files.zkey.cc/images/mzdjc/moreList.png]
[auth.zkey.cc/upload/images/20190710/6j2h8b020hfdpnb0jdp2.png]
[mzdjc.zkey.cc/index.html]
[cyadmin.zkey.cc/lib/js/layui/css/layui.css]
[cyadmin.zkey.cc/lib/js/layui/layui.js]
[cyadmin.zkey.cc/index.html]
[cyadmin.zkey.cc/account/login67fc.html]
[cpyds.zkey.cc/static/img/favicon.ico]
[cpyds.zkey.cc/static/css/app.31e4d23fba7a3e1883142f0202075d51.css]
[cpyds.zkey.cc/static/js/manifest.2ae2e69a05c33dfc65f8.js]
[cpyds.zkey.cc/static/js/vendor.4d371e7b6b9c6ca95a8c.js]
[cpyds.zkey.cc/index.html]
[cpyds.zkey.cc/static/js/app.cc2734b1ba3427ab27cc.js]
[bjie.zkey.cc/index.html]
[www.zkey.cc/images/cg3.png]
[www.zkey.cc/images/cg1.png]
[www.zkey.cc/images/cg13.png]
[www.zkey.cc/images/cg11.png]
[www.zkey.cc/images/cg15.png]
[www.zkey.cc/js/layui/font/iconfontae30.eot]
[www.zkey.cc/js/layui/font/iconfontae30.woff2]
[www.zkey.cc/js/layui/font/iconfontae30.woff]
[www.zkey.cc/js/layui/font/iconfontae30.ttf]
[www.zkey.cc/js/layui/css/layui.css]
[www.zkey.cc/images/xwxq.png]
[www.zkey.cc/images/xwright.png]
[www.zkey.cc/images/hangyezixun.png]
[www.zkey.cc/News/details/61db7ad8eab6a745f316cb2b.html]
[www.zkey.cc/js/layui/layui.js]
[www.zkey.cc/images/gywmBanner.png]
[oss.zkey.cc/base/user/624fac5b7f859d6db9e7508a/pub/643fb9cbe4b0da0c0e672751.png]
[www.zkey.cc/css/font-awesome.min.css]
[www.zkey.cc/News/details/618a1de73bd6166609cc0689.html]
[www.zkey.cc/News/details/616ce588661f436400545d3d.html]
[www.zkey.cc/News/details/619707168cd20418a55c168a.html]
[www.zkey.cc/News/details/614af1c6b3fa511f04ff1861.html]
[cpdrc.zkey.cc/js/jquery-ui-1.13.2/images/ui-icons_444444_256x240.png]
[cpdrc.zkey.cc/js/jquery-ui-1.13.2/images/ui-icons_555555_256x240.png]
[cpdrc.zkey.cc/js/jquery-ui-1.13.2/images/ui-icons_ffffff_256x240.png]
[cpdrc.zkey.cc/js/jquery-ui-1.13.2/images/ui-icons_777620_256x240.png]
[cpdrc.zkey.cc/js/jquery-ui-1.13.2/images/ui-icons_cc0000_256x240.png]
[cpdrc.zkey.cc/js/jquery-ui-1.13.2/images/ui-icons_777777_256x240.png]
[cpdrc.zkey.cc/js/jquery-ui-1.13.2/jquery-ui.min.css]
[cpdrc.zkey.cc/lib/swiper/swiper-bundle.min.css]
[cpdrc.zkey.cc/_nuxt/a54efa7.js]
[cpdrc.zkey.cc/_nuxt/img/iconfont.01c7334.svg]
[cpdrc.zkey.cc/_nuxt/img/glyphicons-halflings-regular.060b271.svg]
[cpdrc.zkey.cc/https_.html]
[cpdrc.zkey.cc/_nuxt/036038c.js]
[www.zkey.cc/images/p16.png]
[www.zkey.cc/images/p17.png]
[www.zkey.cc/images/p19.png]
[edata.zkey.cc/_nuxt/1103d12.js]
[edata.zkey.cc/index.html]
[csde.zkey.cc/css/common.css]
[oss.zkey.cc/base/user/61dd53690962b01d693fa0dc/pub/625fda3ee4b089cd1cd1e48c.png]
[csde.zkey.cc/images/page2textLine.png]
[csde.zkey.cc/images/page5-icon.png]
[csde.zkey.cc/images/close.png]
[csde.zkey.cc/css/index.css]
[csde.zkey.cc/css/header.css]
[ichem.zkey.cc/index.html]
[files.zkey.cc/images/buctstudent/indexbg3.png]
[files.zkey.cc/images/buctstudent/europe_lightmap_web.jpg]
[www.zkey.cc/images/code.jpg]
[buctstudent.zkey.cc/index.html]
[cesdata.zkey.cc/index.html]
[oss.zkey.cc/base/user/609a659c6a6bf14196019230/pub/62be5897e4b0ed25dcc5c20c.ico]
[oss.zkey.cc/base/user/609a659c6a6bf14196019230/pub/655ab05ee4b0b8c583adb421.png]
[oss.zkey.cc/base/user/609a659c6a6bf14196019230/pub/655ab097e4b0db247ecb288c.png]
[oss.zkey.cc/base/user/609a659c6a6bf14196019230/pub/655ab0a8e4b0db247ecb288d.png]
[oss.zkey.cc/base/user/609a659c6a6bf14196019230/pub/661ce2f64d1e64ddbeeaada8.png]
[oss.zkey.cc/base/user/609a659c6a6bf14196019230/pub/655ab66de4b090524c714371.png]
[oss.zkey.cc/base/user/609a43da4a6b9d4d44cee7d2/pub/661ce0613b3a4c0dbdde779c.jpg]
[oss.zkey.cc/base/user/609a659c6a6bf14196019230/pub/655ab5f8e4b0db247ecb289d.png]
[bysdata.zkey.cc/index.html]
[cyadmin.zkey.cc/lib/js/layui/font/iconfontae30.eot]
[cyadmin.zkey.cc/lib/js/layui/font/iconfontae30.woff2]
[cyadmin.zkey.cc/lib/js/layui/font/iconfontae30.woff]
[cyadmin.zkey.cc/lib/js/layui/font/iconfontae30.ttf]
[cyadmin.zkey.cc/lib/js/layui/css/layui.css]
[cyadmin.zkey.cc/lib/css/layoute4fd.css]
[cyadmin.zkey.cc/lib/css/web/login.css]
[cyadmin.zkey.cc/lib/upload/images/20200922/08zt640ddlb00vl4868j.png]
[cyadmin.zkey.cc/api/Account/GetImgCode002d.html]
[cyadmin.zkey.cc/error/4043f9d.html]
[cyadmin.zkey.cc/account/login67fc.html]
[cyadmin.zkey.cc/lib/js/layout8e16]
[cpyds.zkey.cc/static/fonts/element-icons.535877f.woff]
[cpyds.zkey.cc/static/fonts/element-icons.732389d.ttf]
[cpyds.zkey.cc/static/css/app.31e4d23fba7a3e1883142f0202075d51.css]
[bjie.zkey.cc/index.html]
[www.zkey.cc/js/layui/font/iconfontae30.svg]
[www.zkey.cc/News/details/61d783844b429e31670ae763.html]
[www.zkey.cc/css/font/fontawesome-webfont3295.eot]
[www.zkey.cc/css/font/fontawesome-webfontd41d.eot]
[www.zkey.cc/css/font/fontawesome-webfont3295.woff2]
[www.zkey.cc/css/font/fontawesome-webfont3295.woff]
[www.zkey.cc/css/font/fontawesome-webfont3295.ttf]
[www.zkey.cc/css/font-awesome.min.css]
[www.zkey.cc/News/details/616ce588661f436400545d3d.html]
[www.zkey.cc/News/details/614af1c6b3fa511f04ff1861.html]
[www.zkey.cc/News/details/616cbbe3cff39117c43976b3.html]
[edata.zkey.cc/index.html]
[project.zkey.cc/index.html]
[caucy.zkey.cc/index.html]
[fjedu.zkey.cc/index.html]
[cyfgdj.zkey.cc/index.html]
[nesc.zkey.cc/font/svg-iconfont.js]
[nesc.zkey.cc/_nuxt/9b95297.js]
[nesc.zkey.cc/_nuxt/0619d9a.js]
[nesc.zkey.cc/_nuxt/991d0ed.js]
[nesc.zkey.cc/_nuxt/97be217.js]
[nesc.zkey.cc/_nuxt/251a49b.js]
[nesc.zkey.cc/_nuxt/f9835ae.js]
[nesc.zkey.cc/_nuxt/6cf10c8.js]
[nesc.zkey.cc/_nuxt/4e402e5.js]
[nesc.zkey.cc/_nuxt/1dd1883.js]
[nesc.zkey.cc/_nuxt/2fdb9c8.js]
[nesc.zkey.cc/_nuxt/f4386dc.js]
[nesc.zkey.cc/_nuxt/0b01296.js]
[nesc.zkey.cc/_nuxt/5dcd975.js]
[nesc.zkey.cc/_nuxt/8852883.js]
[nesc.zkey.cc/_nuxt/d6a6314.js]
[nesc.zkey.cc/_nuxt/6bac528.js]
[nesc.zkey.cc/_nuxt/0a1c18c.js]
[nesc.zkey.cc/_nuxt/b921d0e.js]
[nesc.zkey.cc/_nuxt/4ad42db.js]
[nesc.zkey.cc/_nuxt/a25f59d.js]
[nesc.zkey.cc/_nuxt/812ebf0.js]
[nesc.zkey.cc/_nuxt/8fe10d6.js]
[nesc.zkey.cc/_nuxt/da2b46f.js]
[nesc.zkey.cc/_nuxt/49cc41b.js]
[nesc.zkey.cc/_nuxt/9952fd3.js]
[nesc.zkey.cc/_nuxt/cab8c61.js]
[nesc.zkey.cc/_nuxt/b240493.js]
[nesc.zkey.cc/_nuxt/995b742.js]
[nesc.zkey.cc/_nuxt/bd10e14.js]
[nesc.zkey.cc/_nuxt/bf702a9.js]
[nesc.zkey.cc/_nuxt/f8a15f9.js]
[cderc.zkey.cc/images/icon/premium-text.png]
[cderc.zkey.cc/images/icon/premium-text1.png]
[cderc.zkey.cc/_nuxt/fonts/iconfont.bb023c9.woff2]
[cderc.zkey.cc/_nuxt/fonts/iconfont.afe4220.woff]
[cderc.zkey.cc/_nuxt/fonts/iconfont.ef2ef5f.ttf]
[cderc.zkey.cc/_nuxt/d127343.js]
[cderc.zkey.cc/_nuxt/8b3f6e3.js]
[cderc.zkey.cc/_nuxt/991d0ed.js]
[buctstudent.zkey.cc/NewsBulletin/index.html]
[cdn.zkey.cc/esurvey/bootstrop/bootstrop.css]
[cdn.zkey.cc/esurvey/jquery-ui-1.11.4/jquery-ui.min.css]
[byswj.zkey.cc/static/lib/layui/css/layui.css]
[cdn.zkey.cc/esurvey/jquery@3.3.1@jquery/dist/jquery.min.js]
[byswj.zkey.cc/static/js/ajaxSign.js]
[cdn.zkey.cc/esurvey/cxselect/js/jquery.cxselect.min.js]
[cdn.zkey.cc/esurvey/ckeditor/ckeditor.js]
[cdn.zkey.cc/esurvey/globalize/globalize.min.js]
[cdn.zkey.cc/esurvey/jquery-ui-1.11.4/jquery-ui.min.js]
[cdn.zkey.cc/esurvey/image-picker/image-picker.min.js]
[cdn.zkey.cc/esurvey/sortablejs@1.8.4@sortablejs/Sortable.min.js]
[cdn.zkey.cc/esurvey/signature_pad@2.3.2@signature_pad/signature_pad.min.js]
[byswj.zkey.cc/static/lib/select2/zh-CN.js]
[cdn.zkey.cc/esurvey/icheck/icheck.min.js]
[cdn.zkey.cc/esurvey/bootstrap-slider/bootstrap-slider.min.js]
[cdn.zkey.cc/esurvey/jquery-bar-rating/jquery.barrating.min.js]
[cdn.zkey.cc/esurvey/showdown@1.9.0@showdown/dist/showdown.min.js]
[byswj.zkey.cc/static/lib/layui/layui.js]
[byswj.zkey.cc/assets/css/chunk-vendors_80497949.96d7cafe.css]
[byswj.zkey.cc/assets/css/chunk-vendors_6f7acc4e.41f95685.css]
[byswj.zkey.cc/assets/css/app_e2e93592.a611bb71.css]
[byswj.zkey.cc/assets/css/app_295b4688.05916613.css]
[byswj.zkey.cc/assets/js/chunk-vendors_253ae210.ca535576.js]
[byswj.zkey.cc/assets/js/chunk-vendors_7e5e8261.862d1a77.js]
[byswj.zkey.cc/assets/js/chunk-vendors_739cf782.2fa28c1d.js]
[byswj.zkey.cc/assets/js/chunk-vendors_fc2f81ef.8fa58d9a.js]
[byswj.zkey.cc/assets/js/chunk-vendors_21380ae4.8f3f455e.js]
[byswj.zkey.cc/assets/js/chunk-vendors_b5906859.4e9fc4c8.js]
[byswj.zkey.cc/assets/js/chunk-vendors_aeb57120.1eb551c5.js]
[byswj.zkey.cc/assets/js/chunk-vendors_6ed3fd28.e8f5ab5c.js]
[byswj.zkey.cc/assets/js/chunk-vendors_9ad0f35b.392d74e0.js]
[byswj.zkey.cc/assets/js/chunk-vendors_80497949.8007ecea.js]
[byswj.zkey.cc/assets/js/chunk-vendors_7bcc931c.63866893.js]
[byswj.zkey.cc/assets/js/chunk-vendors_4d01349d.03f9fe8b.js]
[byswj.zkey.cc/assets/js/chunk-vendors_73aaab72.c1ada888.js]
[byswj.zkey.cc/assets/js/chunk-vendors_fdadd360.ec8917da.js]
[byswj.zkey.cc/assets/js/chunk-vendors_e984a00f.0aefc82f.js]
[byswj.zkey.cc/assets/js/chunk-vendors_f9ca8911.4e770ee1.js]
[byswj.zkey.cc/assets/js/chunk-vendors_6f7acc4e.1aa23007.js]
[byswj.zkey.cc/assets/js/chunk-vendors_50f907f9.e4a43799.js]
[byswj.zkey.cc/assets/js/chunk-vendors_a75f0715.cafcc956.js]
[byswj.zkey.cc/assets/js/chunk-vendors_c10c8f96.27ed2c34.js]
[byswj.zkey.cc/assets/js/chunk-vendors_1c3a2c3f.d36aa859.js]
[byswj.zkey.cc/assets/js/chunk-vendors_d2305125.fafaae00.js]
[byswj.zkey.cc/assets/js/app_e2e93592.522c02af.js]
[byswj.zkey.cc/assets/js/app_c1807361.5a306feb.js]
[byswj.zkey.cc/assets/js/app_af9f4ef7.a640565b.js]
[byswj.zkey.cc/assets/js/app_295b4688.4e3aeb2c.js]
[byswj.zkey.cc/bys2024.html]
[byswj.zkey.cc/assets/js/app_54fb26bf.9951368e.js]
[cyadmin.zkey.cc/lib/js/layui/font/iconfontae30.svg]
[cyadmin.zkey.cc/lib/css/fonts/fontawesome-webfont3e6e.eot]
[cyadmin.zkey.cc/lib/css/fonts/fontawesome-webfontd41d.eot]
[cyadmin.zkey.cc/lib/css/fonts/fontawesome-webfont3e6e.woff2]
[cyadmin.zkey.cc/lib/css/fonts/fontawesome-webfont3e6e.woff]
[cyadmin.zkey.cc/lib/css/fonts/fontawesome-webfont3e6e.ttf]
[cyadmin.zkey.cc/lib/css/layoute4fd.css]
[cyadmin.zkey.cc/lib/css/web/login.css]
[cyadmin.zkey.cc/api/Account/GetImgCode002d.html]
[cyadmin.zkey.cc/account/loginf55a.html]
[cyadmin.zkey.cc/error/4043f9d.html]
[www.zkey.cc/News/details/61d631cd295037657b7fe489.html]
[www.zkey.cc/News/details/61d4e25f34906d5f1654ba9a.html]
[www.zkey.cc/News/details/616cbbe3cff39117c43976b3.html]
[www.zkey.cc/News.html]
[www.zkey.cc/css/loading-1.html]
[www.zkey.cc/css/icon.html]
[www.zkey.cc/css/loading-0.html]
[www.zkey.cc/css/loading-2.html]
[www.zkey.cc/css/icon-ext.html]
[www.zkey.cc/node_modules/._bootstrap@3.3.7@bootstrap/dist/fonts/glyphicons-halflings-regular.html]
[www.zkey.cc/node_modules/._bootstrap@3.3.7@bootstrap/dist/fonts/glyphicons-halflings-regulard41d.html]
[www.zkey.cc/node_modules/._bootstrap@3.3.7@bootstrap/dist/fonts/glyphicons-halflings-regular-2.html]
[www.zkey.cc/node_modules/._bootstrap@3.3.7@bootstrap/dist/fonts/glyphicons-halflings-regular-3.html]
[www.zkey.cc/node_modules/._bootstrap@3.3.7@bootstrap/dist/fonts/glyphicons-halflings-regular-4.html]
[www.zkey.cc/node_modules/._bootstrap@3.3.7@bootstrap/dist/fonts/glyphicons-halflings-regular-5.html]
[www.zkey.cc/platform/images/left.html]
[www.zkey.cc/platform/images/right.html]
[tshdata.zkey.cc/index.html]
[casmdata.zkey.cc/index.html]
[csde.zkey.cc/include/header.html]
[njtu_alumni.zkey.cc/index.html]
[njtuxq.zkey.cc/index.html]
[csudata.zkey.cc/index.html]
[ceeqda.zkey.cc/index.html]
[career-cau.zkey.cc/index.html]
[bysdc.zkey.cc/index.html]
[zjw.zkey.cc/index.html]
[cyjslg.zkey.cc/index.html]
[iehs.zkey.cc/index.html]
[dcrcgh.zkey.cc/index.html]
[cdn.zkey.cc/esurvey/bootstrop/bootstrop.css]
[cdn.zkey.cc/esurvey/image-picker/image-picker.css]
[cdn.zkey.cc/esurvey/icheck/skins/all.css]
[cdn.zkey.cc/esurvey/jquery-ui-1.11.4/images/ui-bg_highlight-soft_100_eeeeee_1x100.png]
[cdn.zkey.cc/esurvey/jquery-ui-1.11.4/images/ui-bg_gloss-wave_35_f6a828_500x100.png]
[cdn.zkey.cc/esurvey/jquery-ui-1.11.4/images/ui-bg_glass_100_f6f6f6_1x400.png]
[cdn.zkey.cc/esurvey/jquery-ui-1.11.4/images/ui-bg_glass_100_fdf5ce_1x400.png]
[cdn.zkey.cc/esurvey/jquery-ui-1.11.4/images/ui-bg_glass_65_ffffff_1x400.png]
[cdn.zkey.cc/esurvey/jquery-ui-1.11.4/images/ui-bg_highlight-soft_75_ffe45c_1x100.png]
[cdn.zkey.cc/esurvey/jquery-ui-1.11.4/images/ui-bg_diagonals-thick_18_b81900_40x40.png]
[cdn.zkey.cc/esurvey/jquery-ui-1.11.4/images/ui-icons_222222_256x240.png]
[cdn.zkey.cc/esurvey/jquery-ui-1.11.4/images/ui-icons_ffffff_256x240.png]
[cdn.zkey.cc/esurvey/jquery-ui-1.11.4/images/ui-icons_ef8c08_256x240.png]
[cdn.zkey.cc/esurvey/jquery-ui-1.11.4/images/ui-icons_228ef1_256x240.png]
[cdn.zkey.cc/esurvey/jquery-ui-1.11.4/images/ui-icons_ffd27a_256x240.png]
[cdn.zkey.cc/esurvey/jquery-ui-1.11.4/images/ui-bg_diagonals-thick_20_666666_40x40.png]
[cdn.zkey.cc/esurvey/jquery-ui-1.11.4/images/ui-bg_flat_10_000000_40x100.png]
[cdn.zkey.cc/esurvey/jquery-ui-1.11.4/jquery-ui.min.css]
[cdn.zkey.cc/esurvey/fontawesome-iconpicker/fontawesome-iconpicker.css]
[cdn.zkey.cc/esurvey/jquery-bar-rating/themes/bars-1to10.css]
[cdn.zkey.cc/esurvey/jquery-bar-rating/themes/bars-horizontal.css]
[cdn.zkey.cc/esurvey/jquery-bar-rating/themes/bars-movie.css]
[cdn.zkey.cc/esurvey/jquery-bar-rating/themes/bars-pill.css]
[cdn.zkey.cc/esurvey/jquery-bar-rating/themes/bars-reversed.css]
[cdn.zkey.cc/esurvey/jquery-bar-rating/themes/bars-square.css]
[cdn.zkey.cc/esurvey/jquery-bar-rating/themes/bootstrap-stars.css]
[cdn.zkey.cc/esurvey/jquery-bar-rating/themes/css-stars.css]
[cdn.zkey.cc/esurvey/jquery-bar-rating/themes/fontawesome-stars.css]
[cdn.zkey.cc/esurvey/jquery-bar-rating/themes/fontawesome-stars-o.css]
[cdn.zkey.cc/esurvey/pretty-checkbox@3.0.3@pretty-checkbox/dist/pretty-checkbox.min.css]
[byswj.zkey.cc/static/lib/layui/font/iconfont748d.eot]
[byswj.zkey.cc/static/lib/layui/font/iconfont748d.woff2]
[byswj.zkey.cc/static/lib/layui/font/iconfont748d.woff]
[byswj.zkey.cc/static/lib/layui/font/iconfont748d.ttf]
[byswj.zkey.cc/static/lib/layui/css/layui.css]
[byswj.zkey.cc/assets/fonts/element-icons.535877f5.woff]
[byswj.zkey.cc/assets/fonts/element-icons.732389de.ttf]
[byswj.zkey.cc/assets/css/chunk-vendors_80497949.96d7cafe.css]
[byswj.zkey.cc/assets/css/chunk-vendors_6f7acc4e.41f95685.css]
[byswj.zkey.cc/assets/css/app_e2e93592.a611bb71.css]
[byswj.zkey.cc/assets/css/app_295b4688.05916613.css]
[tjbys.zkey.cc/index.html]
[hdxa.zkey.cc/index.html]
[sjsjsgl.zkey.cc/index.html]
[cyadmin.zkey.cc/lib/css/fonts/fontawesome-webfont3e6e.svg]
[cyadmin.zkey.cc/lib/images/bg.html]
[cyadmin.zkey.cc/lib/images/aiwrap.html]
[cyadmin.zkey.cc/lib/images/icon.html]
[cyadmin.zkey.cc/image/file-bg.html]
[cyadmin.zkey.cc/account/loginf55a.html]
[cysy.zkey.cc/index.html]
[gdjydsj.zkey.cc/index.html]
[bysddata.zkey.cc/index.html]
[baicun2.zkey.cc/index.html]
[byswj.zkey.cc/static/images/award/redpacket@2x.png]
[www.zkey.cc/News/details/61d4e25f34906d5f1654ba9a.html]
[www.zkey.cc/News/details/616cbc5c2b6493129b6095d5.html]
[www.zkey.cc/images/bg1.html]
[www.zkey.cc/images/bdBlue.html]
[www.zkey.cc/images/bg_about.html]
[www.zkey.cc/images/BDXM.html]
[users.zkey.cc/api/Login/GetCookie]
[csde.zkey.cc/'/images/BDlogo.png/'.html]
[csde.zkey.cc/'/images/BDlogo_ipad.png/'.html]
[csde.zkey.cc/'/index.html/'.html]
[csde.zkey.cc/'/exploration/exploration.html/'.html]
[csde.zkey.cc/'/home/home.html/'.html]
[csde.zkey.cc/'/results/results.html/'.html]
[csde.zkey.cc/'/images/login.png/'.html]
[iehs.zkey.cc/include/iehs.zkey.cc/images/point.png]
[iehs.zkey.cc/include/iehs.zkey.cc/images/searchBG.png]
[iehs.zkey.cc/include/iehs.zkey.cc/images/FindingsBG.png]
[cdn.zkey.cc/esurvey/icheck/skins/minimal/minimal.png]
[cdn.zkey.cc/esurvey/icheck/skins/minimal/minimal@2x.png]
[cdn.zkey.cc/esurvey/icheck/skins/minimal/red.png]
[cdn.zkey.cc/esurvey/icheck/skins/minimal/red@2x.png]
[cdn.zkey.cc/esurvey/icheck/skins/minimal/green.png]
[cdn.zkey.cc/esurvey/icheck/skins/minimal/green@2x.png]
[cdn.zkey.cc/esurvey/icheck/skins/minimal/blue.png]
[cdn.zkey.cc/esurvey/icheck/skins/minimal/blue@2x.png]
[cdn.zkey.cc/esurvey/icheck/skins/minimal/aero.png]
[cdn.zkey.cc/esurvey/icheck/skins/minimal/aero@2x.png]
[cdn.zkey.cc/esurvey/icheck/skins/minimal/grey.png]
[cdn.zkey.cc/esurvey/icheck/skins/minimal/grey@2x.png]
[cdn.zkey.cc/esurvey/icheck/skins/minimal/orange.png]
[cdn.zkey.cc/esurvey/icheck/skins/minimal/orange@2x.png]
[cdn.zkey.cc/esurvey/icheck/skins/minimal/yellow.png]
[cdn.zkey.cc/esurvey/icheck/skins/minimal/yellow@2x.png]
[cdn.zkey.cc/esurvey/icheck/skins/minimal/pink.png]
[cdn.zkey.cc/esurvey/icheck/skins/minimal/pink@2x.png]
[cdn.zkey.cc/esurvey/icheck/skins/minimal/purple.png]
[cdn.zkey.cc/esurvey/icheck/skins/minimal/purple@2x.png]
[cdn.zkey.cc/esurvey/icheck/skins/minimal/_all.css]
[cdn.zkey.cc/esurvey/icheck/skins/square/square.png]
[cdn.zkey.cc/esurvey/icheck/skins/square/square@2x.png]
[cdn.zkey.cc/esurvey/icheck/skins/square/red.png]
[cdn.zkey.cc/esurvey/icheck/skins/square/red@2x.png]
[cdn.zkey.cc/esurvey/icheck/skins/square/green.png]
[cdn.zkey.cc/esurvey/icheck/skins/square/green@2x.png]
[cdn.zkey.cc/esurvey/icheck/skins/square/blue.png]
[cdn.zkey.cc/esurvey/icheck/skins/square/blue@2x.png]
[cdn.zkey.cc/esurvey/icheck/skins/square/aero.png]
[cdn.zkey.cc/esurvey/icheck/skins/square/aero@2x.png]
[cdn.zkey.cc/esurvey/icheck/skins/square/grey.png]
[cdn.zkey.cc/esurvey/icheck/skins/square/grey@2x.png]
[cdn.zkey.cc/esurvey/icheck/skins/square/orange.png]
[cdn.zkey.cc/esurvey/icheck/skins/square/orange@2x.png]
[cdn.zkey.cc/esurvey/icheck/skins/square/yellow.png]
[cdn.zkey.cc/esurvey/icheck/skins/square/yellow@2x.png]
[cdn.zkey.cc/esurvey/icheck/skins/square/pink.png]
[cdn.zkey.cc/esurvey/icheck/skins/square/pink@2x.png]
[cdn.zkey.cc/esurvey/icheck/skins/square/purple.png]
[cdn.zkey.cc/esurvey/icheck/skins/square/purple@2x.png]
[cdn.zkey.cc/esurvey/icheck/skins/square/_all.css]
[cdn.zkey.cc/esurvey/icheck/skins/flat/flat.png]
[cdn.zkey.cc/esurvey/icheck/skins/flat/flat@2x.png]
[cdn.zkey.cc/esurvey/icheck/skins/flat/red.png]
[cdn.zkey.cc/esurvey/icheck/skins/flat/red@2x.png]
[cdn.zkey.cc/esurvey/icheck/skins/flat/green.png]
[cdn.zkey.cc/esurvey/icheck/skins/flat/green@2x.png]
[cdn.zkey.cc/esurvey/icheck/skins/flat/blue.png]
[cdn.zkey.cc/esurvey/icheck/skins/flat/blue@2x.png]
[cdn.zkey.cc/esurvey/icheck/skins/flat/aero.png]
[cdn.zkey.cc/esurvey/icheck/skins/flat/aero@2x.png]
[cdn.zkey.cc/esurvey/icheck/skins/flat/grey.png]
[cdn.zkey.cc/esurvey/icheck/skins/flat/grey@2x.png]
[cdn.zkey.cc/esurvey/icheck/skins/flat/orange.png]
[cdn.zkey.cc/esurvey/icheck/skins/flat/orange@2x.png]
[cdn.zkey.cc/esurvey/icheck/skins/flat/yellow.png]
[cdn.zkey.cc/esurvey/icheck/skins/flat/yellow@2x.png]
[cdn.zkey.cc/esurvey/icheck/skins/flat/pink.png]
[cdn.zkey.cc/esurvey/icheck/skins/flat/pink@2x.png]
[cdn.zkey.cc/esurvey/icheck/skins/flat/purple.png]
[cdn.zkey.cc/esurvey/icheck/skins/flat/purple@2x.png]
[cdn.zkey.cc/esurvey/icheck/skins/flat/_all.css]
[cdn.zkey.cc/esurvey/icheck/skins/line/line.png]
[cdn.zkey.cc/esurvey/icheck/skins/line/_all.css]
[cdn.zkey.cc/esurvey/icheck/skins/line/line@2x.png]
[cdn.zkey.cc/esurvey/icheck/skins/polaris/polaris.png]
[cdn.zkey.cc/esurvey/icheck/skins/polaris/polaris@2x.png]
[cdn.zkey.cc/esurvey/icheck/skins/polaris/polaris.css]
[cdn.zkey.cc/esurvey/icheck/skins/futurico/futurico.png]
[cdn.zkey.cc/esurvey/icheck/skins/futurico/futurico@2x.png]
[cdn.zkey.cc/esurvey/icheck/skins/futurico/futurico.css]
[byswj.zkey.cc/static/lib/layui/font/iconfont748d.svg]
[www.zkey.cc/News/details/61d3932c34906d5f1654ad20.html]
[www.zkey.cc/News/details/6168c3d9d7bbe10838957732.html]
[www.zkey.cc/News/details/61ce4d92295037657b7f8393.html]
[www.zkey.cc/css/font/fontawesome-webfont3295.html]
[www.zkey.cc/News/details/6168c4449d79152310a760ac.html]
[www.zkey.cc/News/details/61d52d2434906d5f1654bd7c.html]
[www.zkey.cc/News/details/61ccfb50404b8b0c93c46158.html]
[www.zkey.cc/News/details/61676f602b6493129b604b8f.html]
[www.zkey.cc/News/details/61ccfb50404b8b0c93c46158.html]
[www.zkey.cc/News/details/6167706a9d79152310a7485d.html]
[www.zkey.cc/News/details/61cbaf476b50b659692e07ea.html]
[www.zkey.cc/News/details/6166271b2b6493129b5f96a0.html]
[www.zkey.cc/News/details/61ca8c086b50b659692df0d2.html]
[www.zkey.cc/News/details/6166279bd7bbe108389512fd.html]
[www.zkey.cc/News/details/6164e07e258b47748bcfff74.html]
[www.zkey.cc/News/details/61c971ab2795050ff51b1fac.html]
[www.zkey.cc/News/details/6164e07e258b47748bcfff74.html]
[www.zkey.cc/News/details/61c906e1cf64f513a6b3de8b.html]
[www.zkey.cc/News/details/6164e1f84bcc2c5ffb3d0f23.html]
[www.zkey.cc/News/details/61c517c1cf64f513a6b3b5aa.html]
[www.zkey.cc/News/details/616391e01b475243bb2054d0.html]
[www.zkey.cc/News/details/616392511b475243bb2054e7.html]
[www.zkey.cc/News/details/61c3bf3fcc50f8249fa13b11.html]
[www.zkey.cc/News/details/61c13a0f93c3627325a84b39.html]
[www.zkey.cc/News/details/616392511b475243bb2054e7.html]
[www.zkey.cc/News/details/61c13a0f93c3627325a84b39.html]
[www.zkey.cc/News/details/61bff34e744cbd6287bd4eec.html]
[www.zkey.cc/News/details/6160ed0d258b47748bcf7a0c.html]
[www.zkey.cc/News/details/61bff34e744cbd6287bd4eec.html]
[www.zkey.cc/News/details/6160ed8b1b475243bb2027a1.html]
[www.zkey.cc/News/details/61bc227d744cbd6287bd26dc.html]
[www.zkey.cc/News/details/615f9ed04bcc2c5ffb3cb1cc.html]
[www.zkey.cc/News/details/61bab2f2f569557550de3810.html]
[www.zkey.cc/News/details/6153d1cc51ab825d7d34aa7e.html]
[www.zkey.cc/News/details/61b950027ff3c13ea7a83c9f.html]
[www.zkey.cc/News/details/61550e044bcc2c5ffb3bf204.html]
[www.zkey.cc/News/details/61b824467ff3c13ea7a82fd8.html]
[www.zkey.cc/News/details/61550f074bcc2c5ffb3bf21e.html]
[www.zkey.cc/News/details/61b7007702d85c6fdf3630de.html]
[www.zkey.cc/News/details/61b6bf1c35bdfe2611af1586.html]
[www.zkey.cc/News/details/6153c30d4bcc2c5ffb3b78c3.html]
[www.zkey.cc/News/details/61b6bf1c35bdfe2611af1586.html]
[www.zkey.cc/News/details/61b2e9b5c194d80152eb73d3.html]
[www.zkey.cc/News/details/6153c3a7258b47748bcde800.html]
[www.zkey.cc/News/details/61b2e9b5c194d80152eb73d3.html]
[www.zkey.cc/News/details/615286b81b475243bb1e5144.html]
[www.zkey.cc/News/details/61b195736640b120868178b3.html]
[www.zkey.cc/News/details/61b04549fc2674055c2aff9d.html]
[www.zkey.cc/News/details/61527287258b47748bcce135.html]
[www.zkey.cc/News/details/61b04549fc2674055c2aff9d.html]
[www.zkey.cc/News/details/61af1781ceb9f25b38e91c7d.html]
[www.zkey.cc/News/details/615160a5ecea6608651da303.html]
[www.zkey.cc/News/details/61af1781ceb9f25b38e91c7d.html]
[www.zkey.cc/News/details/61aebc104bbe7957c8514f66.html]
[www.zkey.cc/News/details/61515a343a93e04019686be0.html]
[www.zkey.cc/News/details/61aebc104bbe7957c8514f66.html]
[www.zkey.cc/News/details/61aea242ceb9f25b38e908c6.html]
[www.zkey.cc/News/details/615007c96122f309c4b548fa.html]
[www.zkey.cc/News/details/61aea242ceb9f25b38e908c6.html]
[www.zkey.cc/News/details/614fd3bcb3fa511f04012229.html]
[www.zkey.cc/News/details/614fd5dc6122f309c4b5106f.html]
[www.zkey.cc/News/details/61a95bca00ee364137edaa07.html]
[www.zkey.cc/News/details/614fd5dc6122f309c4b5106f.html]
[www.zkey.cc/News/details/61a95ed48f3f7203df96002d.html]
[www.zkey.cc/News/details/614d489600fc037ffa79caef.html]
[www.zkey.cc/News/details/61a82adf67a78106e06764d9.html]
[www.zkey.cc/News/details/614d495300fc037ffa79cbaa.html]
[www.zkey.cc/News/details/614acd986122f309c4b32d05.html]
[www.zkey.cc/News/details/61a6ff5bd16efa4176df68ab.html]
[www.zkey.cc/News/details/614acd986122f309c4b32d05.html]
[www.zkey.cc/News/details/61a59e6867a78106e06740ef.html]
[www.zkey.cc/News/details/61a57ea867a78106e0673c7f.html]
[www.zkey.cc/News/details/614acc3d82dca57e16008529.html]
[www.zkey.cc/News/details/61a57ea867a78106e0673c7f.html]
[www.zkey.cc/News/details/614562757344e64042c99d8f.html]
[www.zkey.cc/News/details/61a480d5d16efa4176df423b.html]
[www.zkey.cc/News/details/614ad3f182dca57e160088f6.html]
[www.zkey.cc/News/details/61a04fccd16efa4176df2a93.html]
[www.zkey.cc/News/details/614aceee82dca57e16008696.html]
[www.zkey.cc/News/details/619ef05e41337228259e4ef5.html]
[www.zkey.cc/News/details/619da3bbdcf9ca3e8ef7e003.html]
[www.zkey.cc/News/details/614ad54382dca57e16008bc3.html]
[www.zkey.cc/News/details/619da3bbdcf9ca3e8ef7e003.html]
[www.zkey.cc/News/details/619c491511f06219b368e762.html]
[www.zkey.cc/News/details/614ad85b82dca57e16008c49.html]
[www.zkey.cc/News/details/619c491511f06219b368e762.html]
[www.zkey.cc/News/details/614adb2682dca57e16008d3f.html]
[www.zkey.cc/News/details/614adc8482dca57e16008db5.html]
[www.zkey.cc/News/details/619af65dfe1d1750dd9e26db.html]
[www.zkey.cc/News/details/614adc8482dca57e16008db5.html]
[www.zkey.cc/News/details/6196ff6e99e0e4755cd4d4f1.html]
[www.zkey.cc/News/details/61970500e34c10784f5e9fe1.html]
[www.zkey.cc/News/details/61457d6024561b0b327d63c5.html]
[www.zkey.cc/News/details/6145808c24561b0b327d65fc.html]
[www.zkey.cc/News/details/61970500e34c10784f5e9fe1.html]
[www.zkey.cc/News/details/6195ae1d59e8ec4c97238979.html]
[www.zkey.cc/News/details/6145808c24561b0b327d65fc.html]
[www.zkey.cc/News/details/6195ae1d59e8ec4c97238979.html]
[www.zkey.cc/News/details/61458a8824561b0b327d6f4c.html]
[www.zkey.cc/News/details/61946442656d110090f2cfbe.html]
[www.zkey.cc/News/details/614a95e56122f309c4b2feee.html]
[www.zkey.cc/News/details/614a988200fc037ffa78abc6.html]
[www.zkey.cc/News/details/619368fade5d7944db6dd6fb.html]
[www.zkey.cc/News/details/6193117222a4541d69d000f3.html]
[www.zkey.cc/News/details/614a988200fc037ffa78abc6.html]
[www.zkey.cc/News/details/614d2c656122f309c4b41dde.html]
[www.zkey.cc/News/details/6193117222a4541d69d000f3.html]
[www.zkey.cc/News/details/619327ccb205e853b9e61986.html]
[www.zkey.cc/News/details/614d2c656122f309c4b41dde.html]
[www.zkey.cc/News/details/619327ccb205e853b9e61986.html]
[www.zkey.cc/News/details/6191c200dcc0b82af30a2404.html]
[www.zkey.cc/News/details/614bf8fb82dca57e1600f011.html]
[www.zkey.cc/News/details/614bf72700fc037ffa792820.html]
[www.zkey.cc/News/details/6191c200dcc0b82af30a2404.html]
[www.zkey.cc/News/details/614bf72700fc037ffa792820.html]
[www.zkey.cc/News/details/614d4b4d01e07134a3e2c97a.html]
[www.zkey.cc/News/details/618e1bee8f565727e638953f.html]
[www.zkey.cc/News/details/614d4b4d01e07134a3e2c97a.html]
[www.zkey.cc/News/details/618cc38fdcc0b82af309e574.html]
[www.zkey.cc/News/details/614d37de82dca57e16019600.html]
[www.zkey.cc/News/details/618c75378b3c577569b6d7f5.html]
[www.zkey.cc/News/details/614d4791b3fa511f04004628.html]
[www.zkey.cc/News/details/614562767344e64042c99d95.html]
[www.zkey.cc/News/details/618b27748b3c577569b6703c.html]
[www.zkey.cc/News/details/614562767344e64042c99d95.html]
[www.zkey.cc/News/details/6189e1663bd6166609cbd01c.html]
[www.zkey.cc/News/details/61457b6e7ce9060e1388fbb8.html]
[www.zkey.cc/News/details/618a1c77d9c09d01f3a83aca.html]
[www.zkey.cc/News/details/618a1c77d9c09d01f3a83aca.html]
[www.zkey.cc/News/details/6188c0c449cd5e5e38e27552.html]
[www.zkey.cc/News/details/618495a2a0deb60b0f7addf0.html]
[www.zkey.cc/News/details/618496eb31a38d4443d9d8e0.html]
[www.zkey.cc/News/details/618257acddee5050ceef37b1.html]
[www.zkey.cc/News/details/618257acddee5050ceef37b1.html]
[www.zkey.cc/News/details/61833c524ac9542104a05981.html]
[www.zkey.cc/News/details/61833c524ac9542104a05981.html]
[www.zkey.cc/News/details/6180a2a64aa08e2d8b5d821c.html]
[www.zkey.cc/News/details/6180a2a64aa08e2d8b5d821c.html]
[www.zkey.cc/News/details/618100a4eb0ce7585485eff7.html]
[www.zkey.cc/News/details/618100a4eb0ce7585485eff7.html]
[www.zkey.cc/News/details/617f59044aa08e2d8b5d6b29.html]
[www.zkey.cc/News/details/617f59044aa08e2d8b5d6b29.html]
[www.zkey.cc/News/details/617b5bd09b3c8728b560eda9.html]
[www.zkey.cc/News/details/617b5bd09b3c8728b560eda9.html]
[www.zkey.cc/News/details/617a02f12db3db18d2a83bd8.html]
[www.zkey.cc/News/details/617a0bda6411d0600a83fd48.html]
[www.zkey.cc/News/details/617a0bda6411d0600a83fd48.html]
[www.zkey.cc/News/details/6178b1796411d0600a83e157.html]
[www.zkey.cc/News/details/6178b39a2db3db18d2a809cf.html]
[www.zkey.cc/News/details/6178b39a2db3db18d2a809cf.html]
[www.zkey.cc/News/details/6177c3e1faebdf26af07bdd9.html]
[www.zkey.cc/News/details/6177c3e1faebdf26af07bdd9.html]
[www.zkey.cc/News/details/61773fccd692127904482838.html]
[www.zkey.cc/News/details/61773fccd692127904482838.html]
[www.zkey.cc/News/details/617224385390a724c8ca7549.html]
[www.zkey.cc/News/details/617224385390a724c8ca7549.html]
[www.zkey.cc/News/details/6172258cb0efda6dbaf4074b.html]
[www.zkey.cc/News/details/6172258cb0efda6dbaf4074b.html]
[www.zkey.cc/News/details/6175eceed692127904481e11.html]
[www.zkey.cc/News/details/6175eceed692127904481e11.html]
[www.zkey.cc/News/details/6171f7c4b0efda6dbaf40458.html]
[www.zkey.cc/News/details/6171f8f1b50be92a2b33d2d6.html]
[www.zkey.cc/News/details/6171f8f1b50be92a2b33d2d6.html]
[www.zkey.cc/News/details/6170a78bb50be92a2b33c777.html]
[www.zkey.cc/News/details/6170a78bb50be92a2b33c777.html]
[www.zkey.cc/News/details/6170a890d69212790447ea43.html]
[www.zkey.cc/News/details/616f59979d79152310a7c420.html]
[www.zkey.cc/News/details/616f59979d79152310a7c420.html]
[www.zkey.cc/News/details/616e06119d79152310a7bbe8.html]
[www.zkey.cc/News/details/616e0899cff39117c4398cbd.html]
[www.zkey.cc/News/details/616e0899cff39117c4398cbd.html]
[www.zkey.cc/News/details/616cb96d2b6493129b609580.html]
[www.zkey.cc/News/details/616cb96d2b6493129b609580.html]
[www.zkey.cc/News/details/616cb9e8661f436400545674.html]
[www.zkey.cc/News/details/616cb9e8661f436400545674.html]
[www.zkey.cc/News/details/6168c23f661f436400542955.html]
[www.zkey.cc/News/details/61676d6c661f436400540ee0.html]
[www.zkey.cc/News/details/61676d6c661f436400540ee0.html]
[www.zkey.cc/News/details/61676eb7cff39117c4393613.html]
[www.zkey.cc/News/details/616624e1d7bbe1083895129a.html]
[www.zkey.cc/News/details/616624e1d7bbe1083895129a.html]
[www.zkey.cc/News/details/616626619d79152310a6de0d.html]
[www.zkey.cc/News/details/616626619d79152310a6de0d.html]
[www.zkey.cc/News/details/6164deca1b475243bb208238.html]
[www.zkey.cc/News/details/6164deca1b475243bb208238.html]
[www.zkey.cc/News/details/6164df4ee0934c4b6e33936a.html]
[www.zkey.cc/News/details/6164df4ee0934c4b6e33936a.html]
[www.zkey.cc/News/details/61638ff51b475243bb20547e.html]
[www.zkey.cc/News/details/61638ff51b475243bb20547e.html]
[www.zkey.cc/News/details/6163907e1b475243bb20548c.html]
[www.zkey.cc/News/details/61639110e0934c4b6e33630a.html]
[www.zkey.cc/News/details/61639110e0934c4b6e33630a.html]
[www.zkey.cc/News/details/6160eb5c258b47748bcf7982.html]
[www.zkey.cc/News/details/6160ebf551ab825d7d360f94.html]
[www.zkey.cc/News/details/615f9a371b475243bb2017ef.html]
[www.zkey.cc/News/details/615f9aa651ab825d7d3605d5.html]
[www.zkey.cc/News/details/615f9aa651ab825d7d3605d5.html]
[www.zkey.cc/News/details/615f9b191b475243bb20180b.html]
[www.zkey.cc/News/details/615f9b191b475243bb20180b.html]
[www.zkey.cc/News/details/615509891b475243bb1f32c2.html]
[www.zkey.cc/News/details/615509891b475243bb1f32c2.html]
[www.zkey.cc/News/details/61550e7b51ab825d7d3512d3.html]
[www.zkey.cc/News/details/6153bdc2e0934c4b6e31ae9e.html]
[www.zkey.cc/News/details/6153bf381b475243bb1eb6e6.html]
[www.zkey.cc/News/details/6153bf381b475243bb1eb6e6.html]
[www.zkey.cc/News/details/6153bd141b475243bb1eb668.html]
[www.zkey.cc/News/details/61526b45e0934c4b6e30f4af.html]
[www.zkey.cc/News/details/61526b45e0934c4b6e30f4af.html]
[www.zkey.cc/News/details/61526c124bcc2c5ffb3af025.html]
[www.zkey.cc/News/details/61526c124bcc2c5ffb3af025.html]
[www.zkey.cc/News/details/615157943a93e040196867d8.html]
[www.zkey.cc/News/details/614fc00d82dca57e16022a2b.html]
[www.zkey.cc/News/details/614fc00d82dca57e16022a2b.html]
[www.zkey.cc/News/details/614d202a82dca57e16018086.html]
[www.zkey.cc/News/details/614d212600fc037ffa79addc.html]
[www.zkey.cc/News/details/614d221f6122f309c4b41c38.html]
[www.zkey.cc/News/details/614bd2d200fc037ffa790dfa.html]
[www.zkey.cc/News/details/614bd3976122f309c4b37944.html]
[www.zkey.cc/News/details/614bd44ab3fa511f04ff39c0.html]
[www.zkey.cc/News/details/614ac812b3fa511f04fefabb.html]
[www.zkey.cc/News/details/614ac8dfb3fa511f04fefaf0.html]
[www.zkey.cc/News/details/614a94756122f309c4b2fcbd.html]
[www.zkey.cc/News/details/614aca6e6122f309c4b32c48.html]
[www.zkey.cc/News/details/614bf1e26122f309c4b38c35.html]
[www.zkey.cc/News/details/614bf1e26122f309c4b38c35.html]
[www.zkey.cc/News/details/614bf3826122f309c4b38e94.html]
[www.zkey.cc/News/details/614bf3826122f309c4b38e94.html]
[www.zkey.cc/News/details/614bf54b00fc037ffa7926ab.html]
[www.zkey.cc/News/details/614bf54b00fc037ffa7926ab.html]
[www.zkey.cc/News/details/614d3ac300fc037ffa79bbd8.html]
